mode: set
cozy-insight/api/v1/router.go:15.60,41.2 21 0
cozy-insight/api/v1/router.go:41.2,47.3 5 0
cozy-insight/api/v1/router.go:47.3,90.4 37 0
cozy-insight/api/v1/router.go:90.4,116.5 21 0
cozy-insight/cmd/server/main.go:24.13,26.16 2 0
cozy-insight/cmd/server/main.go:26.16,29.3 2 0
cozy-insight/cmd/server/main.go:31.2,35.16 4 0
cozy-insight/cmd/server/main.go:35.16,37.3 1 0
cozy-insight/cmd/server/main.go:38.2,55.40 8 0
cozy-insight/cmd/server/main.go:55.40,57.3 1 0
cozy-insight/cmd/server/main.go:59.2,66.12 3 0
cozy-insight/cmd/server/main.go:66.12,67.77 1 0
cozy-insight/cmd/server/main.go:67.77,69.4 1 0
cozy-insight/cmd/server/main.go:72.2,83.42 8 0
cozy-insight/cmd/server/main.go:83.42,85.3 1 0
cozy-insight/cmd/server/main.go:87.2,87.27 1 0
cozy-insight/internal/testutil/db.go:11.58,15.19 4 0
cozy-insight/internal/testutil/db.go:15.19,15.33 1 0
cozy-insight/internal/testutil/db.go:16.2,16.38 1 0
cozy-insight/internal/repository/chart_repo.go:16.55,18.2 1 0
cozy-insight/internal/repository/chart_repo.go:20.81,24.16 3 0
cozy-insight/internal/repository/chart_repo.go:24.16,26.3 1 0
cozy-insight/internal/repository/chart_repo.go:27.2,29.12 3 0
cozy-insight/internal/repository/chart_repo.go:32.90,35.64 3 0
cozy-insight/internal/repository/chart_repo.go:35.64,37.3 1 0
cozy-insight/internal/repository/chart_repo.go:38.2,38.20 1 0
cozy-insight/internal/repository/chart_repo.go:41.76,44.62 3 0
cozy-insight/internal/repository/chart_repo.go:44.62,46.3 1 0
cozy-insight/internal/repository/chart_repo.go:47.2,47.18 1 0
cozy-insight/internal/repository/chart_repo.go:50.81,52.68 2 0
cozy-insight/internal/repository/chart_repo.go:52.68,54.3 1 0
cozy-insight/internal/repository/chart_repo.go:55.2,55.12 1 0
cozy-insight/internal/repository/chart_repo.go:58.72,60.60 2 0
cozy-insight/internal/repository/chart_repo.go:60.60,62.3 1 0
cozy-insight/internal/repository/chart_repo.go:63.2,63.12 1 0
cozy-insight/internal/repository/dashboard_repo.go:16.63,18.2 1 0
cozy-insight/internal/repository/dashboard_repo.go:20.85,24.16 3 0
cozy-insight/internal/repository/dashboard_repo.go:24.16,26.3 1 0
cozy-insight/internal/repository/dashboard_repo.go:27.2,29.12 3 0
cozy-insight/internal/repository/dashboard_repo.go:32.98,35.60 3 0
cozy-insight/internal/repository/dashboard_repo.go:35.60,37.3 1 0
cozy-insight/internal/repository/dashboard_repo.go:38.2,38.16 1 0
cozy-insight/internal/repository/dashboard_repo.go:41.84,44.62 3 0
cozy-insight/internal/repository/dashboard_repo.go:44.62,46.3 1 0
cozy-insight/internal/repository/dashboard_repo.go:47.2,47.18 1 0
cozy-insight/internal/repository/dashboard_repo.go:50.85,52.64 2 0
cozy-insight/internal/repository/dashboard_repo.go:52.64,54.3 1 0
cozy-insight/internal/repository/dashboard_repo.go:55.2,55.12 1 0
cozy-insight/internal/repository/dashboard_repo.go:58.76,60.60 2 0
cozy-insight/internal/repository/dashboard_repo.go:60.60,62.3 1 0
cozy-insight/internal/repository/dashboard_repo.go:63.2,63.12 1 0
cozy-insight/internal/repository/dashboard_repo.go:66.93,70.16 3 0
cozy-insight/internal/repository/dashboard_repo.go:70.16,72.3 1 0
cozy-insight/internal/repository/dashboard_repo.go:73.2,73.12 1 0
cozy-insight/internal/repository/dashboard_repo.go:76.114,79.75 3 0
cozy-insight/internal/repository/dashboard_repo.go:79.75,81.3 1 0
cozy-insight/internal/repository/dashboard_repo.go:82.2,82.18 1 0
cozy-insight/internal/repository/dashboard_repo.go:85.99,87.78 2 0
cozy-insight/internal/repository/dashboard_repo.go:87.78,89.3 1 0
cozy-insight/internal/repository/dashboard_repo.go:90.2,90.12 1 0
cozy-insight/internal/repository/dataset_repo.go:16.59,18.2 1 0
cozy-insight/internal/repository/dataset_repo.go:20.82,24.16 3 0
cozy-insight/internal/repository/dataset_repo.go:24.16,26.3 1 0
cozy-insight/internal/repository/dataset_repo.go:27.2,29.12 3 0
cozy-insight/internal/repository/dataset_repo.go:32.94,35.61 3 0
cozy-insight/internal/repository/dataset_repo.go:35.61,37.3 1 0
cozy-insight/internal/repository/dataset_repo.go:38.2,38.17 1 0
cozy-insight/internal/repository/dataset_repo.go:41.80,44.62 3 0
cozy-insight/internal/repository/dataset_repo.go:44.62,46.3 1 0
cozy-insight/internal/repository/dataset_repo.go:47.2,47.18 1 0
cozy-insight/internal/repository/dataset_repo.go:50.82,53.65 2 0
cozy-insight/internal/repository/dataset_repo.go:53.65,55.3 1 0
cozy-insight/internal/repository/dataset_repo.go:56.2,56.12 1 0
cozy-insight/internal/repository/dataset_repo.go:59.74,61.60 2 0
cozy-insight/internal/repository/dataset_repo.go:61.60,63.3 1 0
cozy-insight/internal/repository/dataset_repo.go:64.2,64.12 1 0
cozy-insight/internal/repository/dataset_repo.go:67.98,70.69 2 0
cozy-insight/internal/repository/dataset_repo.go:70.69,72.3 1 0
cozy-insight/internal/repository/dataset_repo.go:73.2,73.12 1 0
cozy-insight/internal/repository/dataset_repo.go:76.108,79.75 3 0
cozy-insight/internal/repository/dataset_repo.go:79.75,81.3 1 0
cozy-insight/internal/repository/dataset_repo.go:82.2,82.20 1 0
cozy-insight/internal/repository/dataset_repo.go:85.87,87.67 2 0
cozy-insight/internal/repository/dataset_repo.go:87.67,89.3 1 0
cozy-insight/internal/repository/dataset_repo.go:90.2,90.12 1 0
cozy-insight/internal/repository/datasource_repo.go:16.65,18.2 1 0
cozy-insight/internal/repository/datasource_repo.go:20.88,24.16 3 0
cozy-insight/internal/repository/datasource_repo.go:24.16,26.3 1 0
cozy-insight/internal/repository/datasource_repo.go:27.2,29.12 3 0
cozy-insight/internal/repository/datasource_repo.go:32.100,35.61 3 0
cozy-insight/internal/repository/datasource_repo.go:35.61,37.3 1 0
cozy-insight/internal/repository/datasource_repo.go:38.2,38.17 1 0
cozy-insight/internal/repository/datasource_repo.go:41.86,44.62 3 0
cozy-insight/internal/repository/datasource_repo.go:44.62,46.3 1 0
cozy-insight/internal/repository/datasource_repo.go:47.2,47.18 1 0
cozy-insight/internal/repository/datasource_repo.go:50.88,52.65 2 0
cozy-insight/internal/repository/datasource_repo.go:52.65,54.3 1 0
cozy-insight/internal/repository/datasource_repo.go:55.2,55.12 1 0
cozy-insight/internal/repository/datasource_repo.go:58.77,60.60 2 0
cozy-insight/internal/repository/datasource_repo.go:60.60,62.3 1 0
cozy-insight/internal/repository/datasource_repo.go:63.2,63.12 1 0
cozy-insight/internal/repository/oper_log_repo.go:16.69,18.2 1 0
cozy-insight/internal/repository/oper_log_repo.go:20.93,24.16 3 0
cozy-insight/internal/repository/oper_log_repo.go:24.16,26.3 1 0
cozy-insight/internal/repository/oper_log_repo.go:27.2,27.12 1 0
cozy-insight/internal/repository/oper_log_repo.go:30.101,32.32 2 0
cozy-insight/internal/repository/oper_log_repo.go:32.32,34.3 1 0
cozy-insight/internal/repository/oper_log_repo.go:35.2,36.69 2 0
cozy-insight/internal/repository/oper_log_repo.go:36.69,38.3 1 0
cozy-insight/internal/repository/oper_log_repo.go:39.2,39.18 1 0
cozy-insight/internal/repository/role_repo.go:17.53,19.2 1 0
cozy-insight/internal/repository/role_repo.go:21.78,24.16 3 0
cozy-insight/internal/repository/role_repo.go:24.16,26.3 1 0
cozy-insight/internal/repository/role_repo.go:27.2,29.12 3 0
cozy-insight/internal/repository/role_repo.go:32.88,35.63 3 0
cozy-insight/internal/repository/role_repo.go:35.63,37.3 1 0
cozy-insight/internal/repository/role_repo.go:38.2,38.19 1 0
cozy-insight/internal/repository/role_repo.go:41.74,44.62 3 0
cozy-insight/internal/repository/role_repo.go:44.62,46.3 1 0
cozy-insight/internal/repository/role_repo.go:47.2,47.18 1 0
cozy-insight/internal/repository/role_repo.go:50.78,52.67 2 0
cozy-insight/internal/repository/role_repo.go:52.67,54.3 1 0
cozy-insight/internal/repository/role_repo.go:55.2,55.12 1 0
cozy-insight/internal/repository/role_repo.go:58.71,60.60 2 0
cozy-insight/internal/repository/role_repo.go:60.60,62.3 1 0
cozy-insight/internal/repository/role_repo.go:63.2,63.12 1 0
cozy-insight/internal/repository/role_repo.go:66.79,69.62 3 0
cozy-insight/internal/repository/role_repo.go:69.62,71.3 1 0
cozy-insight/internal/repository/role_repo.go:72.2,72.18 1 0
cozy-insight/internal/repository/role_repo.go:75.99,76.101 1 0
cozy-insight/internal/repository/role_repo.go:76.101,78.3 1 0
cozy-insight/internal/repository/role_repo.go:79.2,79.23 1 0
cozy-insight/internal/repository/role_repo.go:79.23,81.3 1 0
cozy-insight/internal/repository/role_repo.go:82.2,84.33 3 0
cozy-insight/internal/repository/role_repo.go:84.33,87.3 2 0
cozy-insight/internal/repository/role_repo.go:88.2,89.65 2 0
cozy-insight/internal/repository/role_repo.go:89.65,91.3 1 0
cozy-insight/internal/repository/role_repo.go:92.2,92.12 1 0
cozy-insight/internal/repository/role_repo.go:95.93,98.69 3 0
cozy-insight/internal/repository/role_repo.go:98.69,100.3 1 0
cozy-insight/internal/repository/role_repo.go:101.2,101.17 1 0
cozy-insight/internal/repository/role_repo.go:104.99,105.101 1 0
cozy-insight/internal/repository/role_repo.go:105.101,107.3 1 0
cozy-insight/internal/repository/role_repo.go:108.2,108.23 1 0
cozy-insight/internal/repository/role_repo.go:108.23,110.3 1 0
cozy-insight/internal/repository/role_repo.go:111.2,113.33 3 0
cozy-insight/internal/repository/role_repo.go:113.33,116.3 2 0
cozy-insight/internal/repository/role_repo.go:117.2,118.65 2 0
cozy-insight/internal/repository/role_repo.go:118.65,120.3 1 0
cozy-insight/internal/repository/role_repo.go:121.2,121.12 1 0
cozy-insight/internal/repository/role_repo.go:124.93,127.69 3 0
cozy-insight/internal/repository/role_repo.go:127.69,129.3 1 0
cozy-insight/internal/repository/role_repo.go:130.2,130.17 1 0
cozy-insight/internal/repository/row_permission_repo.go:16.71,18.2 1 0
cozy-insight/internal/repository/row_permission_repo.go:20.94,24.16 3 0
cozy-insight/internal/repository/row_permission_repo.go:24.16,26.3 1 0
cozy-insight/internal/repository/row_permission_repo.go:27.2,29.12 3 0
cozy-insight/internal/repository/row_permission_repo.go:32.119,35.73 3 0
cozy-insight/internal/repository/row_permission_repo.go:35.73,37.3 1 0
cozy-insight/internal/repository/row_permission_repo.go:38.2,38.18 1 0
cozy-insight/internal/repository/row_permission_repo.go:41.80,43.60 2 0
cozy-insight/internal/repository/row_permission_repo.go:43.60,45.3 1 0
cozy-insight/internal/repository/row_permission_repo.go:46.2,46.12 1 0
cozy-insight/internal/repository/user_repo.go:16.53,18.2 1 0
cozy-insight/internal/repository/user_repo.go:20.100,23.69 3 0
cozy-insight/internal/repository/user_repo.go:23.69,25.3 1 0
cozy-insight/internal/repository/user_repo.go:26.2,26.19 1 0
cozy-insight/internal/repository/user_repo.go:29.88,32.63 3 0
cozy-insight/internal/repository/user_repo.go:32.63,34.3 1 0
cozy-insight/internal/repository/user_repo.go:35.2,35.19 1 0
cozy-insight/internal/repository/user_repo.go:38.78,42.16 3 0
cozy-insight/internal/repository/user_repo.go:42.16,44.3 1 0
cozy-insight/internal/repository/user_repo.go:45.2,47.12 3 0
cozy-insight/internal/repository/user_repo.go:50.80,52.60 2 0
cozy-insight/internal/repository/user_repo.go:52.60,54.3 1 0
cozy-insight/internal/repository/user_repo.go:55.2,55.12 1 0
cozy-insight/internal/repository/user_repo.go:58.74,61.62 3 0
cozy-insight/internal/repository/user_repo.go:61.62,63.3 1 0
cozy-insight/internal/repository/user_repo.go:64.2,64.18 1 0
cozy-insight/internal/repository/user_repo.go:67.78,69.67 2 0
cozy-insight/internal/repository/user_repo.go:69.67,71.3 1 0
cozy-insight/internal/repository/user_repo.go:72.2,72.12 1 0
cozy-insight/internal/repository/user_repo.go:75.100,77.74 2 0
cozy-insight/internal/repository/user_repo.go:77.74,79.3 1 0
cozy-insight/internal/repository/user_repo.go:80.2,80.12 1 0
cozy-insight/internal/repository/user_repo.go:83.71,85.60 2 0
cozy-insight/internal/repository/user_repo.go:85.60,87.3 1 0
cozy-insight/internal/repository/user_repo.go:88.2,88.12 1 0
cozy-insight/internal/handler/auth_handler.go:16.68,18.2 1 1
cozy-insight/internal/handler/auth_handler.go:20.48,22.47 2 1
cozy-insight/internal/handler/auth_handler.go:22.47,25.3 2 1
cozy-insight/internal/handler/auth_handler.go:27.2,27.74 1 1
cozy-insight/internal/handler/auth_handler.go:27.74,30.3 2 1
cozy-insight/internal/handler/auth_handler.go:32.2,32.57 1 1
cozy-insight/internal/handler/auth_handler.go:35.45,37.47 2 1
cozy-insight/internal/handler/auth_handler.go:37.47,40.3 2 1
cozy-insight/internal/handler/auth_handler.go:42.2,43.16 2 1
cozy-insight/internal/handler/auth_handler.go:43.16,46.3 2 1
cozy-insight/internal/handler/auth_handler.go:48.2,48.57 1 0
cozy-insight/internal/handler/chart_handler.go:17.67,19.2 1 1
cozy-insight/internal/handler/chart_handler.go:21.47,23.47 2 1
cozy-insight/internal/handler/chart_handler.go:23.47,26.3 2 1
cozy-insight/internal/handler/chart_handler.go:28.2,31.16 3 1
cozy-insight/internal/handler/chart_handler.go:31.16,34.3 2 0
cozy-insight/internal/handler/chart_handler.go:36.2,36.58 1 1
cozy-insight/internal/handler/chart_handler.go:39.44,41.9 2 1
cozy-insight/internal/handler/chart_handler.go:41.9,43.3 1 1
cozy-insight/internal/handler/chart_handler.go:44.2,45.16 2 1
cozy-insight/internal/handler/chart_handler.go:45.16,48.3 2 1
cozy-insight/internal/handler/chart_handler.go:50.2,50.58 1 1
cozy-insight/internal/handler/chart_handler.go:53.45,55.16 2 1
cozy-insight/internal/handler/chart_handler.go:55.16,58.3 2 1
cozy-insight/internal/handler/chart_handler.go:60.2,60.57 1 1
cozy-insight/internal/handler/chart_handler.go:63.47,65.9 2 1
cozy-insight/internal/handler/chart_handler.go:65.9,67.3 1 0
cozy-insight/internal/handler/chart_handler.go:68.2,69.47 2 1
cozy-insight/internal/handler/chart_handler.go:69.47,72.3 2 1
cozy-insight/internal/handler/chart_handler.go:74.2,74.72 1 1
cozy-insight/internal/handler/chart_handler.go:74.72,77.3 2 1
cozy-insight/internal/handler/chart_handler.go:79.2,79.57 1 1
cozy-insight/internal/handler/chart_handler.go:82.47,84.9 2 1
cozy-insight/internal/handler/chart_handler.go:84.9,86.3 1 0
cozy-insight/internal/handler/chart_handler.go:87.2,87.66 1 1
cozy-insight/internal/handler/chart_handler.go:87.66,90.3 2 1
cozy-insight/internal/handler/chart_handler.go:92.2,92.57 1 1
cozy-insight/internal/handler/common.go:10.66,12.16 2 1
cozy-insight/internal/handler/common.go:12.16,15.3 2 1
cozy-insight/internal/handler/common.go:16.2,16.16 1 1
cozy-insight/internal/handler/common.go:19.85,21.13 2 1
cozy-insight/internal/handler/common.go:21.13,23.3 1 1
cozy-insight/internal/handler/common.go:24.2,25.16 2 1
cozy-insight/internal/handler/common.go:25.16,28.3 2 1
cozy-insight/internal/handler/common.go:29.2,29.16 1 1
cozy-insight/internal/handler/dashboard_handler.go:17.79,19.2 1 1
cozy-insight/internal/handler/dashboard_handler.go:21.51,23.47 2 1
cozy-insight/internal/handler/dashboard_handler.go:23.47,26.3 2 1
cozy-insight/internal/handler/dashboard_handler.go:28.2,31.16 3 1
cozy-insight/internal/handler/dashboard_handler.go:31.16,34.3 2 0
cozy-insight/internal/handler/dashboard_handler.go:36.2,36.54 1 1
cozy-insight/internal/handler/dashboard_handler.go:39.48,41.9 2 1
cozy-insight/internal/handler/dashboard_handler.go:41.9,43.3 1 1
cozy-insight/internal/handler/dashboard_handler.go:44.2,45.16 2 1
cozy-insight/internal/handler/dashboard_handler.go:45.16,48.3 2 1
cozy-insight/internal/handler/dashboard_handler.go:50.2,50.54 1 1
cozy-insight/internal/handler/dashboard_handler.go:53.49,55.16 2 1
cozy-insight/internal/handler/dashboard_handler.go:55.16,58.3 2 1
cozy-insight/internal/handler/dashboard_handler.go:60.2,60.57 1 1
cozy-insight/internal/handler/dashboard_handler.go:63.51,65.9 2 1
cozy-insight/internal/handler/dashboard_handler.go:65.9,67.3 1 0
cozy-insight/internal/handler/dashboard_handler.go:68.2,69.47 2 1
cozy-insight/internal/handler/dashboard_handler.go:69.47,72.3 2 1
cozy-insight/internal/handler/dashboard_handler.go:74.2,74.72 1 1
cozy-insight/internal/handler/dashboard_handler.go:74.72,77.3 2 1
cozy-insight/internal/handler/dashboard_handler.go:79.2,79.57 1 1
cozy-insight/internal/handler/dashboard_handler.go:82.51,84.9 2 1
cozy-insight/internal/handler/dashboard_handler.go:84.9,86.3 1 0
cozy-insight/internal/handler/dashboard_handler.go:87.2,87.66 1 1
cozy-insight/internal/handler/dashboard_handler.go:87.66,90.3 2 1
cozy-insight/internal/handler/dashboard_handler.go:92.2,92.57 1 1
cozy-insight/internal/handler/dashboard_handler.go:95.53,97.9 2 1
cozy-insight/internal/handler/dashboard_handler.go:97.9,99.3 1 0
cozy-insight/internal/handler/dashboard_handler.go:100.2,101.47 2 1
cozy-insight/internal/handler/dashboard_handler.go:101.47,104.3 2 1
cozy-insight/internal/handler/dashboard_handler.go:106.2,106.83 1 1
cozy-insight/internal/handler/dashboard_handler.go:106.83,109.3 2 0
cozy-insight/internal/handler/dashboard_handler.go:111.2,111.57 1 1
cozy-insight/internal/handler/dashboard_handler.go:114.54,116.9 2 1
cozy-insight/internal/handler/dashboard_handler.go:116.9,118.3 1 0
cozy-insight/internal/handler/dashboard_handler.go:119.2,120.16 2 1
cozy-insight/internal/handler/dashboard_handler.go:120.16,123.3 2 1
cozy-insight/internal/handler/dashboard_handler.go:125.2,125.57 1 1
cozy-insight/internal/handler/dashboard_handler.go:128.56,130.9 2 1
cozy-insight/internal/handler/dashboard_handler.go:130.9,132.3 1 0
cozy-insight/internal/handler/dashboard_handler.go:133.2,134.9 2 1
cozy-insight/internal/handler/dashboard_handler.go:134.9,136.3 1 0
cozy-insight/internal/handler/dashboard_handler.go:137.2,137.89 1 1
cozy-insight/internal/handler/dashboard_handler.go:137.89,140.3 2 1
cozy-insight/internal/handler/dashboard_handler.go:142.2,142.57 1 1
cozy-insight/internal/handler/dataset_handler.go:17.73,19.2 1 1
cozy-insight/internal/handler/dataset_handler.go:21.49,23.47 2 1
cozy-insight/internal/handler/dataset_handler.go:23.47,26.3 2 1
cozy-insight/internal/handler/dataset_handler.go:28.2,31.16 3 1
cozy-insight/internal/handler/dataset_handler.go:31.16,34.3 2 0
cozy-insight/internal/handler/dataset_handler.go:36.2,36.55 1 1
cozy-insight/internal/handler/dataset_handler.go:39.46,41.9 2 1
cozy-insight/internal/handler/dataset_handler.go:41.9,43.3 1 1
cozy-insight/internal/handler/dataset_handler.go:44.2,45.16 2 1
cozy-insight/internal/handler/dataset_handler.go:45.16,48.3 2 1
cozy-insight/internal/handler/dataset_handler.go:50.2,50.55 1 1
cozy-insight/internal/handler/dataset_handler.go:53.47,55.16 2 1
cozy-insight/internal/handler/dataset_handler.go:55.16,58.3 2 1
cozy-insight/internal/handler/dataset_handler.go:60.2,60.57 1 1
cozy-insight/internal/handler/dataset_handler.go:63.49,65.9 2 1
cozy-insight/internal/handler/dataset_handler.go:65.9,67.3 1 0
cozy-insight/internal/handler/dataset_handler.go:68.2,69.47 2 1
cozy-insight/internal/handler/dataset_handler.go:69.47,72.3 2 1
cozy-insight/internal/handler/dataset_handler.go:74.2,74.72 1 1
cozy-insight/internal/handler/dataset_handler.go:74.72,77.3 2 1
cozy-insight/internal/handler/dataset_handler.go:79.2,79.57 1 1
cozy-insight/internal/handler/dataset_handler.go:82.49,84.9 2 1
cozy-insight/internal/handler/dataset_handler.go:84.9,86.3 1 0
cozy-insight/internal/handler/dataset_handler.go:87.2,87.66 1 1
cozy-insight/internal/handler/dataset_handler.go:87.66,90.3 2 1
cozy-insight/internal/handler/dataset_handler.go:92.2,92.57 1 1
cozy-insight/internal/handler/dataset_handler.go:95.53,97.9 2 1
cozy-insight/internal/handler/dataset_handler.go:97.9,99.3 1 0
cozy-insight/internal/handler/dataset_handler.go:100.2,100.70 1 1
cozy-insight/internal/handler/dataset_handler.go:100.70,103.3 2 1
cozy-insight/internal/handler/dataset_handler.go:105.2,105.57 1 1
cozy-insight/internal/handler/dataset_handler.go:108.50,110.9 2 1
cozy-insight/internal/handler/dataset_handler.go:110.9,112.3 1 0
cozy-insight/internal/handler/dataset_handler.go:113.2,114.9 2 1
cozy-insight/internal/handler/dataset_handler.go:114.9,116.3 1 0
cozy-insight/internal/handler/dataset_handler.go:118.2,119.16 2 1
cozy-insight/internal/handler/dataset_handler.go:119.16,122.3 2 1
cozy-insight/internal/handler/dataset_handler.go:124.2,124.57 1 1
cozy-insight/internal/handler/datasource_handler.go:17.82,19.2 1 1
cozy-insight/internal/handler/datasource_handler.go:21.52,23.47 2 1
cozy-insight/internal/handler/datasource_handler.go:23.47,26.3 2 1
cozy-insight/internal/handler/datasource_handler.go:28.2,31.16 3 1
cozy-insight/internal/handler/datasource_handler.go:31.16,34.3 2 0
cozy-insight/internal/handler/datasource_handler.go:36.2,36.55 1 1
cozy-insight/internal/handler/datasource_handler.go:39.49,41.9 2 1
cozy-insight/internal/handler/datasource_handler.go:41.9,43.3 1 1
cozy-insight/internal/handler/datasource_handler.go:44.2,45.16 2 1
cozy-insight/internal/handler/datasource_handler.go:45.16,48.3 2 1
cozy-insight/internal/handler/datasource_handler.go:50.2,50.55 1 1
cozy-insight/internal/handler/datasource_handler.go:53.50,55.16 2 1
cozy-insight/internal/handler/datasource_handler.go:55.16,58.3 2 1
cozy-insight/internal/handler/datasource_handler.go:60.2,60.57 1 1
cozy-insight/internal/handler/datasource_handler.go:63.52,65.9 2 1
cozy-insight/internal/handler/datasource_handler.go:65.9,67.3 1 0
cozy-insight/internal/handler/datasource_handler.go:68.2,69.47 2 1
cozy-insight/internal/handler/datasource_handler.go:69.47,72.3 2 1
cozy-insight/internal/handler/datasource_handler.go:74.2,74.72 1 1
cozy-insight/internal/handler/datasource_handler.go:74.72,77.3 2 1
cozy-insight/internal/handler/datasource_handler.go:79.2,79.57 1 1
cozy-insight/internal/handler/datasource_handler.go:82.52,84.9 2 1
cozy-insight/internal/handler/datasource_handler.go:84.9,86.3 1 0
cozy-insight/internal/handler/datasource_handler.go:87.2,87.66 1 1
cozy-insight/internal/handler/datasource_handler.go:87.66,90.3 2 1
cozy-insight/internal/handler/datasource_handler.go:92.2,92.57 1 1
cozy-insight/internal/handler/datasource_handler.go:95.60,97.47 2 0
cozy-insight/internal/handler/datasource_handler.go:97.47,100.3 2 0
cozy-insight/internal/handler/datasource_handler.go:102.2,102.76 1 0
cozy-insight/internal/handler/datasource_handler.go:102.76,105.3 2 0
cozy-insight/internal/handler/datasource_handler.go:107.2,107.68 1 0
cozy-insight/internal/handler/oper_log_handler.go:16.88,18.2 1 1
cozy-insight/internal/handler/oper_log_handler.go:20.52,23.16 3 1
cozy-insight/internal/handler/oper_log_handler.go:23.16,26.3 2 1
cozy-insight/internal/handler/oper_log_handler.go:28.2,28.57 1 1
cozy-insight/internal/handler/role_handler.go:16.64,18.2 1 1
cozy-insight/internal/handler/role_handler.go:20.46,22.47 2 1
cozy-insight/internal/handler/role_handler.go:22.47,25.3 2 1
cozy-insight/internal/handler/role_handler.go:27.2,28.16 2 1
cozy-insight/internal/handler/role_handler.go:28.16,31.3 2 0
cozy-insight/internal/handler/role_handler.go:33.2,33.57 1 1
cozy-insight/internal/handler/role_handler.go:36.43,38.9 2 1
cozy-insight/internal/handler/role_handler.go:38.9,40.3 1 1
cozy-insight/internal/handler/role_handler.go:41.2,42.16 2 1
cozy-insight/internal/handler/role_handler.go:42.16,45.3 2 1
cozy-insight/internal/handler/role_handler.go:47.2,47.57 1 1
cozy-insight/internal/handler/role_handler.go:50.44,52.16 2 1
cozy-insight/internal/handler/role_handler.go:52.16,55.3 2 1
cozy-insight/internal/handler/role_handler.go:57.2,57.57 1 1
cozy-insight/internal/handler/role_handler.go:60.46,62.9 2 1
cozy-insight/internal/handler/role_handler.go:62.9,64.3 1 0
cozy-insight/internal/handler/role_handler.go:65.2,66.47 2 1
cozy-insight/internal/handler/role_handler.go:66.47,69.3 2 1
cozy-insight/internal/handler/role_handler.go:71.2,71.72 1 1
cozy-insight/internal/handler/role_handler.go:71.72,74.3 2 1
cozy-insight/internal/handler/role_handler.go:76.2,76.57 1 1
cozy-insight/internal/handler/role_handler.go:79.46,81.9 2 1
cozy-insight/internal/handler/role_handler.go:81.9,83.3 1 0
cozy-insight/internal/handler/role_handler.go:84.2,84.66 1 1
cozy-insight/internal/handler/role_handler.go:84.66,87.3 2 1
cozy-insight/internal/handler/role_handler.go:89.2,89.57 1 1
cozy-insight/internal/handler/role_handler.go:92.49,94.16 2 1
cozy-insight/internal/handler/role_handler.go:94.16,97.3 2 1
cozy-insight/internal/handler/role_handler.go:99.2,99.57 1 1
cozy-insight/internal/handler/role_handler.go:102.52,104.9 2 1
cozy-insight/internal/handler/role_handler.go:104.9,106.3 1 0
cozy-insight/internal/handler/role_handler.go:107.2,108.47 2 1
cozy-insight/internal/handler/role_handler.go:108.47,111.3 2 1
cozy-insight/internal/handler/role_handler.go:113.2,113.89 1 1
cozy-insight/internal/handler/role_handler.go:113.89,116.3 2 0
cozy-insight/internal/handler/role_handler.go:118.2,118.57 1 1
cozy-insight/internal/handler/role_handler.go:121.52,123.9 2 1
cozy-insight/internal/handler/role_handler.go:123.9,125.3 1 0
cozy-insight/internal/handler/role_handler.go:126.2,127.16 2 1
cozy-insight/internal/handler/role_handler.go:127.16,130.3 2 1
cozy-insight/internal/handler/role_handler.go:132.2,132.56 1 1
cozy-insight/internal/handler/role_handler.go:135.52,137.9 2 1
cozy-insight/internal/handler/role_handler.go:137.9,139.3 1 0
cozy-insight/internal/handler/role_handler.go:140.2,141.47 2 1
cozy-insight/internal/handler/role_handler.go:141.47,144.3 2 0
cozy-insight/internal/handler/role_handler.go:146.2,146.89 1 1
cozy-insight/internal/handler/role_handler.go:146.89,149.3 2 0
cozy-insight/internal/handler/role_handler.go:151.2,151.57 1 1
cozy-insight/internal/handler/row_permission_handler.go:15.91,17.2 1 1
cozy-insight/internal/handler/row_permission_handler.go:19.53,21.9 2 1
cozy-insight/internal/handler/row_permission_handler.go:21.9,23.3 1 1
cozy-insight/internal/handler/row_permission_handler.go:24.2,25.16 2 1
cozy-insight/internal/handler/row_permission_handler.go:25.16,28.3 2 1
cozy-insight/internal/handler/row_permission_handler.go:30.2,30.57 1 1
cozy-insight/internal/handler/row_permission_handler.go:33.55,35.9 2 1
cozy-insight/internal/handler/row_permission_handler.go:35.9,37.3 1 1
cozy-insight/internal/handler/row_permission_handler.go:38.2,44.47 2 1
cozy-insight/internal/handler/row_permission_handler.go:44.47,47.3 2 1
cozy-insight/internal/handler/row_permission_handler.go:49.2,50.16 2 1
cozy-insight/internal/handler/row_permission_handler.go:50.16,53.3 2 0
cozy-insight/internal/handler/row_permission_handler.go:55.2,55.55 1 1
cozy-insight/internal/handler/row_permission_handler.go:58.55,60.9 2 1
cozy-insight/internal/handler/row_permission_handler.go:60.9,62.3 1 1
cozy-insight/internal/handler/row_permission_handler.go:63.2,63.70 1 1
cozy-insight/internal/handler/row_permission_handler.go:63.70,66.3 2 1
cozy-insight/internal/handler/row_permission_handler.go:68.2,68.57 1 1
cozy-insight/internal/handler/user_handler.go:17.64,19.2 1 1
cozy-insight/internal/handler/user_handler.go:21.46,23.47 2 1
cozy-insight/internal/handler/user_handler.go:23.47,26.3 2 1
cozy-insight/internal/handler/user_handler.go:28.2,29.16 2 1
cozy-insight/internal/handler/user_handler.go:29.16,32.3 2 0
cozy-insight/internal/handler/user_handler.go:34.2,34.57 1 1
cozy-insight/internal/handler/user_handler.go:37.43,39.9 2 1
cozy-insight/internal/handler/user_handler.go:39.9,41.3 1 1
cozy-insight/internal/handler/user_handler.go:42.2,43.16 2 1
cozy-insight/internal/handler/user_handler.go:43.16,46.3 2 1
cozy-insight/internal/handler/user_handler.go:48.2,48.57 1 1
cozy-insight/internal/handler/user_handler.go:51.44,53.16 2 1
cozy-insight/internal/handler/user_handler.go:53.16,56.3 2 1
cozy-insight/internal/handler/user_handler.go:58.2,58.57 1 1
cozy-insight/internal/handler/user_handler.go:61.46,63.9 2 1
cozy-insight/internal/handler/user_handler.go:63.9,65.3 1 0
cozy-insight/internal/handler/user_handler.go:66.2,67.47 2 1
cozy-insight/internal/handler/user_handler.go:67.47,70.3 2 1
cozy-insight/internal/handler/user_handler.go:72.2,72.72 1 1
cozy-insight/internal/handler/user_handler.go:72.72,75.3 2 1
cozy-insight/internal/handler/user_handler.go:77.2,77.57 1 1
cozy-insight/internal/handler/user_handler.go:80.46,82.9 2 1
cozy-insight/internal/handler/user_handler.go:82.9,84.3 1 0
cozy-insight/internal/handler/user_handler.go:85.2,85.66 1 1
cozy-insight/internal/handler/user_handler.go:85.66,88.3 2 1
cozy-insight/internal/handler/user_handler.go:90.2,90.57 1 1
cozy-insight/internal/handler/user_handler.go:93.54,96.47 3 1
cozy-insight/internal/handler/user_handler.go:96.47,99.3 2 1
cozy-insight/internal/handler/user_handler.go:101.2,101.84 1 1
cozy-insight/internal/handler/user_handler.go:101.84,104.3 2 1
cozy-insight/internal/handler/user_handler.go:106.2,106.57 1 0
cozy-insight/internal/handler/user_handler.go:109.47,112.16 3 1
cozy-insight/internal/handler/user_handler.go:112.16,115.3 2 1
cozy-insight/internal/handler/user_handler.go:117.2,117.57 1 1
cozy-insight/pkg/config/config.go:38.38,41.2 1 1
cozy-insight/pkg/config/config.go:63.41,68.45 4 1
cozy-insight/pkg/config/config.go:68.45,70.3 1 1
cozy-insight/pkg/config/config.go:72.2,73.46 2 1
cozy-insight/pkg/config/config.go:73.46,75.3 1 0
cozy-insight/pkg/config/config.go:77.2,77.18 1 1
cozy-insight/pkg/jwt/jwt.go:22.68,27.2 1 1
cozy-insight/pkg/jwt/jwt.go:29.90,43.2 3 1
cozy-insight/pkg/jwt/jwt.go:45.62,46.104 1 1
cozy-insight/pkg/jwt/jwt.go:46.104,47.58 1 1
cozy-insight/pkg/jwt/jwt.go:47.58,49.4 1 0
cozy-insight/pkg/jwt/jwt.go:50.3,50.23 1 1
cozy-insight/pkg/jwt/jwt.go:53.2,53.16 1 1
cozy-insight/pkg/jwt/jwt.go:53.16,55.3 1 1
cozy-insight/pkg/jwt/jwt.go:57.2,57.61 1 1
cozy-insight/pkg/jwt/jwt.go:57.61,59.3 1 1
cozy-insight/pkg/jwt/jwt.go:61.2,61.48 1 0
cozy-insight/internal/service/auth_service.go:20.96,25.2 1 1
cozy-insight/internal/service/auth_service.go:27.85,29.16 2 1
cozy-insight/internal/service/auth_service.go:29.16,31.3 1 1
cozy-insight/internal/service/auth_service.go:33.2,34.16 2 1
cozy-insight/internal/service/auth_service.go:34.16,36.3 1 0
cozy-insight/internal/service/auth_service.go:38.2,47.53 2 1
cozy-insight/internal/service/auth_service.go:47.53,49.3 1 0
cozy-insight/internal/service/auth_service.go:51.2,51.12 1 1
cozy-insight/internal/service/auth_service.go:54.101,56.16 2 1
cozy-insight/internal/service/auth_service.go:56.16,58.3 1 1
cozy-insight/internal/service/auth_service.go:60.2,60.22 1 1
cozy-insight/internal/service/auth_service.go:60.22,62.3 1 1
cozy-insight/internal/service/auth_service.go:64.2,64.103 1 1
cozy-insight/internal/service/auth_service.go:64.103,66.3 1 1
cozy-insight/internal/service/auth_service.go:68.2,71.16 3 1
cozy-insight/internal/service/auth_service.go:71.16,73.3 1 0
cozy-insight/internal/service/auth_service.go:75.2,81.8 1 1
cozy-insight/internal/service/chart_service.go:17.70,19.2 1 1
cozy-insight/internal/service/chart_service.go:21.118,22.22 1 1
cozy-insight/internal/service/chart_service.go:22.22,24.3 1 0
cozy-insight/internal/service/chart_service.go:25.2,26.65 2 1
cozy-insight/internal/service/chart_service.go:26.65,28.3 1 0
cozy-insight/internal/service/chart_service.go:30.2,39.50 2 1
cozy-insight/internal/service/chart_service.go:39.50,41.3 1 0
cozy-insight/internal/service/chart_service.go:42.2,42.19 1 1
cozy-insight/internal/service/chart_service.go:45.86,47.2 1 1
cozy-insight/internal/service/chart_service.go:49.73,51.2 1 1
cozy-insight/internal/service/chart_service.go:53.98,55.16 2 1
cozy-insight/internal/service/chart_service.go:55.16,57.3 1 1
cozy-insight/internal/service/chart_service.go:59.2,59.21 1 1
cozy-insight/internal/service/chart_service.go:59.21,61.3 1 1
cozy-insight/internal/service/chart_service.go:62.2,62.20 1 1
cozy-insight/internal/service/chart_service.go:62.20,64.3 1 1
cozy-insight/internal/service/chart_service.go:65.2,65.26 1 1
cozy-insight/internal/service/chart_service.go:65.26,67.3 1 1
cozy-insight/internal/service/chart_service.go:68.2,68.22 1 1
cozy-insight/internal/service/chart_service.go:68.22,70.3 1 1
cozy-insight/internal/service/chart_service.go:71.2,71.23 1 1
cozy-insight/internal/service/chart_service.go:71.23,73.3 1 1
cozy-insight/internal/service/chart_service.go:75.2,75.34 1 1
cozy-insight/internal/service/chart_service.go:78.69,80.2 1 1
cozy-insight/internal/service/dashboard_service.go:17.82,19.2 1 1
cozy-insight/internal/service/dashboard_service.go:21.130,22.22 1 1
cozy-insight/internal/service/dashboard_service.go:22.22,24.3 1 0
cozy-insight/internal/service/dashboard_service.go:25.2,26.65 2 1
cozy-insight/internal/service/dashboard_service.go:26.65,28.3 1 0
cozy-insight/internal/service/dashboard_service.go:30.2,37.46 2 1
cozy-insight/internal/service/dashboard_service.go:37.46,39.3 1 0
cozy-insight/internal/service/dashboard_service.go:40.2,40.15 1 1
cozy-insight/internal/service/dashboard_service.go:43.94,45.2 1 1
cozy-insight/internal/service/dashboard_service.go:47.81,49.2 1 1
cozy-insight/internal/service/dashboard_service.go:51.106,53.16 2 1
cozy-insight/internal/service/dashboard_service.go:53.16,55.3 1 0
cozy-insight/internal/service/dashboard_service.go:57.2,57.21 1 1
cozy-insight/internal/service/dashboard_service.go:57.21,59.3 1 1
cozy-insight/internal/service/dashboard_service.go:60.2,60.22 1 1
cozy-insight/internal/service/dashboard_service.go:60.22,62.3 1 1
cozy-insight/internal/service/dashboard_service.go:63.2,63.23 1 1
cozy-insight/internal/service/dashboard_service.go:63.23,65.3 1 1
cozy-insight/internal/service/dashboard_service.go:67.2,67.30 1 1
cozy-insight/internal/service/dashboard_service.go:70.73,72.2 1 1
cozy-insight/internal/service/dashboard_service.go:74.121,75.22 1 1
cozy-insight/internal/service/dashboard_service.go:75.22,77.3 1 1
cozy-insight/internal/service/dashboard_service.go:78.2,79.65 2 1
cozy-insight/internal/service/dashboard_service.go:79.65,81.3 1 0
cozy-insight/internal/service/dashboard_service.go:83.2,93.33 2 1
cozy-insight/internal/service/dashboard_service.go:96.111,98.2 1 1
cozy-insight/internal/service/dashboard_service.go:100.96,102.2 1 1
cozy-insight/internal/service/dataset_service.go:19.166,21.2 1 1
cozy-insight/internal/service/dataset_service.go:23.124,35.47 2 1
cozy-insight/internal/service/dataset_service.go:35.47,37.3 1 0
cozy-insight/internal/service/dataset_service.go:38.2,38.16 1 1
cozy-insight/internal/service/dataset_service.go:41.90,43.2 1 1
cozy-insight/internal/service/dataset_service.go:45.77,47.2 1 1
cozy-insight/internal/service/dataset_service.go:49.102,51.16 2 1
cozy-insight/internal/service/dataset_service.go:51.16,53.3 1 0
cozy-insight/internal/service/dataset_service.go:55.2,55.20 1 1
cozy-insight/internal/service/dataset_service.go:55.20,57.3 1 1
cozy-insight/internal/service/dataset_service.go:58.2,58.29 1 1
cozy-insight/internal/service/dataset_service.go:58.29,60.3 1 1
cozy-insight/internal/service/dataset_service.go:61.2,61.28 1 1
cozy-insight/internal/service/dataset_service.go:61.28,63.3 1 1
cozy-insight/internal/service/dataset_service.go:64.2,64.25 1 1
cozy-insight/internal/service/dataset_service.go:64.25,66.3 1 1
cozy-insight/internal/service/dataset_service.go:67.2,67.20 1 1
cozy-insight/internal/service/dataset_service.go:67.20,69.3 1 1
cozy-insight/internal/service/dataset_service.go:70.2,70.21 1 1
cozy-insight/internal/service/dataset_service.go:70.21,72.3 1 1
cozy-insight/internal/service/dataset_service.go:73.2,73.23 1 1
cozy-insight/internal/service/dataset_service.go:73.23,75.3 1 1
cozy-insight/internal/service/dataset_service.go:77.2,77.31 1 1
cozy-insight/internal/service/dataset_service.go:80.71,82.2 1 1
cozy-insight/internal/service/dataset_service.go:84.75,86.16 2 0
cozy-insight/internal/service/dataset_service.go:86.16,88.3 1 0
cozy-insight/internal/service/dataset_service.go:90.2,91.16 2 0
cozy-insight/internal/service/dataset_service.go:91.16,93.3 1 0
cozy-insight/internal/service/dataset_service.go:95.2,96.16 2 0
cozy-insight/internal/service/dataset_service.go:96.16,98.3 1 0
cozy-insight/internal/service/dataset_service.go:100.2,100.53 1 0
cozy-insight/internal/service/dataset_service.go:100.53,102.3 1 0
cozy-insight/internal/service/dataset_service.go:104.2,105.30 2 0
cozy-insight/internal/service/dataset_service.go:105.30,117.3 2 0
cozy-insight/internal/service/dataset_service.go:119.2,119.57 1 0
cozy-insight/internal/service/dataset_service.go:119.57,121.3 1 0
cozy-insight/internal/service/dataset_service.go:123.2,123.12 1 0
cozy-insight/internal/service/dataset_service.go:126.118,128.16 2 0
cozy-insight/internal/service/dataset_service.go:128.16,130.3 1 0
cozy-insight/internal/service/dataset_service.go:132.2,133.16 2 0
cozy-insight/internal/service/dataset_service.go:133.16,135.3 1 0
cozy-insight/internal/service/dataset_service.go:137.2,138.16 2 0
cozy-insight/internal/service/dataset_service.go:138.16,140.3 1 0
cozy-insight/internal/service/dataset_service.go:148.2,149.16 2 0
cozy-insight/internal/service/dataset_service.go:149.16,151.3 1 0
cozy-insight/internal/service/dataset_service.go:153.2,154.27 2 0
cozy-insight/internal/service/dataset_service.go:154.27,165.3 1 0
cozy-insight/internal/service/dataset_service.go:167.2,170.8 1 0
cozy-insight/internal/service/dataset_service.go:181.133,187.2 1 1
cozy-insight/internal/service/dataset_service.go:189.158,194.2 1 1
cozy-insight/internal/service/dataset_service.go:196.59,198.9 2 1
cozy-insight/internal/service/dataset_service.go:199.151,200.11 1 1
cozy-insight/internal/service/dataset_service.go:201.76,202.11 1 1
cozy-insight/internal/service/dataset_service.go:203.114,204.11 1 1
cozy-insight/internal/service/dataset_service.go:205.10,206.11 1 1
cozy-insight/internal/service/dataset_service.go:210.139,213.2 2 1
cozy-insight/internal/service/datasource_service.go:21.85,23.2 1 1
cozy-insight/internal/service/datasource_service.go:25.133,28.65 2 1
cozy-insight/internal/service/datasource_service.go:28.65,30.3 1 0
cozy-insight/internal/service/datasource_service.go:32.2,40.47 2 1
cozy-insight/internal/service/datasource_service.go:40.47,42.3 1 0
cozy-insight/internal/service/datasource_service.go:43.2,43.16 1 1
cozy-insight/internal/service/datasource_service.go:46.96,48.2 1 1
cozy-insight/internal/service/datasource_service.go:50.83,52.2 1 1
cozy-insight/internal/service/datasource_service.go:54.108,56.16 2 1
cozy-insight/internal/service/datasource_service.go:56.16,58.3 1 0
cozy-insight/internal/service/datasource_service.go:60.2,60.20 1 1
cozy-insight/internal/service/datasource_service.go:60.20,62.3 1 1
cozy-insight/internal/service/datasource_service.go:63.2,63.20 1 1
cozy-insight/internal/service/datasource_service.go:63.20,65.3 1 1
cozy-insight/internal/service/datasource_service.go:66.2,66.22 1 1
cozy-insight/internal/service/datasource_service.go:66.22,68.3 1 1
cozy-insight/internal/service/datasource_service.go:69.2,69.23 1 1
cozy-insight/internal/service/datasource_service.go:69.23,71.3 1 1
cozy-insight/internal/service/datasource_service.go:73.2,73.31 1 1
cozy-insight/internal/service/datasource_service.go:76.74,78.2 1 1
cozy-insight/internal/service/datasource_service.go:80.103,82.18 2 1
cozy-insight/internal/service/datasource_service.go:83.15,90.45 6 0
cozy-insight/internal/service/datasource_service.go:91.20,98.45 6 0
cozy-insight/internal/service/datasource_service.go:99.10,100.65 1 1
cozy-insight/internal/service/datasource_service.go:103.2,104.16 2 0
cozy-insight/internal/service/datasource_service.go:104.16,106.3 1 0
cozy-insight/internal/service/datasource_service.go:107.2,109.44 2 0
cozy-insight/internal/service/datasource_service.go:109.44,111.3 1 0
cozy-insight/internal/service/datasource_service.go:113.2,113.12 1 0
cozy-insight/internal/service/oper_log_service.go:14.91,16.2 1 1
cozy-insight/internal/service/oper_log_service.go:18.98,20.2 1 1
cozy-insight/internal/service/role_service.go:15.67,17.2 1 1
cozy-insight/internal/service/role_service.go:19.100,26.22 2 1
cozy-insight/internal/service/role_service.go:26.22,28.3 1 1
cozy-insight/internal/service/role_service.go:29.2,29.49 1 1
cozy-insight/internal/service/role_service.go:29.49,31.3 1 0
cozy-insight/internal/service/role_service.go:32.2,32.18 1 1
cozy-insight/internal/service/role_service.go:35.84,37.2 1 1
cozy-insight/internal/service/role_service.go:39.71,41.2 1 1
cozy-insight/internal/service/role_service.go:43.96,45.16 2 1
cozy-insight/internal/service/role_service.go:45.16,47.3 1 1
cozy-insight/internal/service/role_service.go:48.2,48.20 1 1
cozy-insight/internal/service/role_service.go:48.20,50.3 1 1
cozy-insight/internal/service/role_service.go:51.2,51.20 1 1
cozy-insight/internal/service/role_service.go:51.20,53.3 1 1
cozy-insight/internal/service/role_service.go:54.2,55.23 2 1
cozy-insight/internal/service/role_service.go:55.23,57.3 1 1
cozy-insight/internal/service/role_service.go:58.2,58.33 1 1
cozy-insight/internal/service/role_service.go:61.68,63.2 1 1
cozy-insight/internal/service/role_service.go:65.76,67.2 1 1
cozy-insight/internal/service/role_service.go:69.96,71.2 1 1
cozy-insight/internal/service/role_service.go:73.90,75.2 1 1
cozy-insight/internal/service/role_service.go:77.96,79.2 1 1
cozy-insight/internal/service/role_service.go:81.90,83.2 1 1
cozy-insight/internal/service/row_permission_service.go:15.94,17.2 1 1
cozy-insight/internal/service/row_permission_service.go:19.153,28.47 2 1
cozy-insight/internal/service/row_permission_service.go:28.47,30.3 1 0
cozy-insight/internal/service/row_permission_service.go:31.2,31.16 1 1
cozy-insight/internal/service/row_permission_service.go:34.116,36.2 1 1
cozy-insight/internal/service/row_permission_service.go:38.77,40.2 1 1
cozy-insight/internal/service/row_permission_service.go:54.145,56.16 2 1
cozy-insight/internal/service/row_permission_service.go:56.16,58.3 1 0
cozy-insight/internal/service/row_permission_service.go:60.2,61.32 2 1
cozy-insight/internal/service/row_permission_service.go:61.32,63.10 2 1
cozy-insight/internal/service/row_permission_service.go:63.10,64.12 1 1
cozy-insight/internal/service/row_permission_service.go:66.3,67.28 2 1
cozy-insight/internal/service/row_permission_service.go:67.28,68.12 1 1
cozy-insight/internal/service/row_permission_service.go:70.3,74.5 1 1
cozy-insight/internal/service/row_permission_service.go:77.2,77.24 1 1
cozy-insight/internal/service/user_service.go:18.67,20.2 1 1
cozy-insight/internal/service/user_service.go:22.100,24.16 2 1
cozy-insight/internal/service/user_service.go:24.16,26.3 1 0
cozy-insight/internal/service/user_service.go:28.2,29.16 2 1
cozy-insight/internal/service/user_service.go:29.16,31.3 1 0
cozy-insight/internal/service/user_service.go:33.2,34.17 2 1
cozy-insight/internal/service/user_service.go:34.17,36.3 1 0
cozy-insight/internal/service/user_service.go:38.2,48.49 2 1
cozy-insight/internal/service/user_service.go:48.49,50.3 1 0
cozy-insight/internal/service/user_service.go:51.2,51.18 1 1
cozy-insight/internal/service/user_service.go:54.84,56.2 1 1
cozy-insight/internal/service/user_service.go:58.71,60.2 1 1
cozy-insight/internal/service/user_service.go:62.96,64.16 2 1
cozy-insight/internal/service/user_service.go:64.16,66.3 1 1
cozy-insight/internal/service/user_service.go:68.2,68.21 1 1
cozy-insight/internal/service/user_service.go:68.21,70.3 1 1
cozy-insight/internal/service/user_service.go:71.2,71.24 1 1
cozy-insight/internal/service/user_service.go:71.24,73.3 1 1
cozy-insight/internal/service/user_service.go:74.2,74.21 1 1
cozy-insight/internal/service/user_service.go:74.21,76.3 1 1
cozy-insight/internal/service/user_service.go:77.2,77.23 1 1
cozy-insight/internal/service/user_service.go:77.23,79.3 1 1
cozy-insight/internal/service/user_service.go:80.2,80.24 1 1
cozy-insight/internal/service/user_service.go:80.24,81.19 1 1
cozy-insight/internal/service/user_service.go:81.19,83.4 1 1
cozy-insight/internal/service/user_service.go:83.9,85.4 1 0
cozy-insight/internal/service/user_service.go:88.2,88.33 1 1
cozy-insight/internal/service/user_service.go:91.68,93.2 1 1
cozy-insight/internal/service/user_service.go:95.108,97.16 2 1
cozy-insight/internal/service/user_service.go:97.16,99.3 1 1
cozy-insight/internal/service/user_service.go:101.2,101.106 1 1
cozy-insight/internal/service/user_service.go:101.106,103.3 1 1
cozy-insight/internal/service/user_service.go:105.2,106.16 2 1
cozy-insight/internal/service/user_service.go:106.16,108.3 1 0
cozy-insight/internal/service/user_service.go:110.2,110.53 1 1
cozy-insight/internal/middleware/auth.go:16.55,17.30 1 1
cozy-insight/internal/middleware/auth.go:17.30,19.23 2 1
cozy-insight/internal/middleware/auth.go:19.23,23.4 3 1
cozy-insight/internal/middleware/auth.go:25.3,26.63 2 1
cozy-insight/internal/middleware/auth.go:26.63,30.4 3 1
cozy-insight/internal/middleware/auth.go:32.3,33.17 2 1
cozy-insight/internal/middleware/auth.go:33.17,37.4 3 1
cozy-insight/internal/middleware/auth.go:39.3,42.11 4 1
cozy-insight/internal/middleware/auth.go:46.39,47.42 1 1
cozy-insight/internal/middleware/auth.go:47.42,48.31 1 1
cozy-insight/internal/middleware/auth.go:48.31,50.4 1 1
cozy-insight/internal/middleware/auth.go:52.2,52.10 1 0
cozy-insight/internal/middleware/auth.go:55.41,56.44 1 1
cozy-insight/internal/middleware/auth.go:56.44,57.30 1 1
cozy-insight/internal/middleware/auth.go:57.30,59.4 1 1
cozy-insight/internal/middleware/auth.go:61.2,61.11 1 0
cozy-insight/internal/middleware/auth.go:64.38,65.43 1 1
cozy-insight/internal/middleware/auth.go:65.43,66.28 1 1
cozy-insight/internal/middleware/auth.go:66.28,68.4 1 1
cozy-insight/internal/middleware/auth.go:70.2,70.14 1 0
cozy-insight/internal/middleware/auth.go:73.38,74.30 1 1
cozy-insight/internal/middleware/auth.go:74.30,75.21 1 1
cozy-insight/internal/middleware/auth.go:75.21,79.4 3 1
cozy-insight/internal/middleware/auth.go:80.3,80.11 1 1
cozy-insight/internal/middleware/oper_log.go:20.59,23.2 2 0
cozy-insight/internal/middleware/oper_log.go:25.76,26.30 1 1
cozy-insight/internal/middleware/oper_log.go:26.30,30.28 3 1
cozy-insight/internal/middleware/oper_log.go:30.28,33.4 2 0
cozy-insight/internal/middleware/oper_log.go:35.3,43.91 6 1
cozy-insight/internal/middleware/oper_log.go:43.91,45.4 1 1
cozy-insight/internal/middleware/oper_log.go:47.3,51.23 4 1
cozy-insight/internal/middleware/oper_log.go:51.23,53.4 1 0
cozy-insight/internal/middleware/oper_log.go:55.3,56.24 2 1
cozy-insight/internal/middleware/oper_log.go:56.24,58.4 1 0
cozy-insight/internal/middleware/oper_log.go:60.3,73.24 2 1
cozy-insight/internal/middleware/oper_log.go:73.24,75.4 1 0
cozy-insight/internal/middleware/oper_log.go:77.3,77.44 1 1
cozy-insight/pkg/database/database.go:12.55,14.16 2 1
cozy-insight/pkg/database/database.go:14.16,16.3 1 1
cozy-insight/pkg/database/database.go:18.2,22.16 4 0
cozy-insight/pkg/logger/logger.go:15.47,17.63 2 1
cozy-insight/pkg/logger/logger.go:17.63,19.3 1 0
cozy-insight/pkg/logger/logger.go:21.2,36.24 3 1
cozy-insight/pkg/logger/logger.go:36.24,44.3 1 0
cozy-insight/pkg/logger/logger.go:44.8,46.3 1 1
cozy-insight/pkg/logger/logger.go:48.2,54.78 2 1
cozy-insight/pkg/logger/logger.go:57.49,58.30 1 0
cozy-insight/pkg/logger/logger.go:58.30,76.3 6 0
